Archive member included to satisfy reference by file (symbol)

/opt/st/stm32cubeide_1.4.0/plugins/com.st.stm32cube.ide.mcu.externaltools.gnu-tools-for-stm32.7-2018-q2-update.linux64_1.4.0.202007081208/tools/bin/../lib/gcc/arm-none-eabi/7.3.1/../../../../arm-none-eabi/lib/thumb/v7e-m/fpv4-sp/hard/libc_nano.a(lib_a-errno.o)
                              Core/Src/syscalls.o (__errno)
/opt/st/stm32cubeide_1.4.0/plugins/com.st.stm32cube.ide.mcu.externaltools.gnu-tools-for-stm32.7-2018-q2-update.linux64_1.4.0.202007081208/tools/bin/../lib/gcc/arm-none-eabi/7.3.1/../../../../arm-none-eabi/lib/thumb/v7e-m/fpv4-sp/hard/libc_nano.a(lib_a-exit.o)
                              /opt/st/stm32cubeide_1.4.0/plugins/com.st.stm32cube.ide.mcu.externaltools.gnu-tools-for-stm32.7-2018-q2-update.linux64_1.4.0.202007081208/tools/bin/../lib/gcc/arm-none-eabi/7.3.1/../../../../arm-none-eabi/lib/thumb/v7e-m/fpv4-sp/hard/crt0.o (exit)
/opt/st/stm32cubeide_1.4.0/plugins/com.st.stm32cube.ide.mcu.externaltools.gnu-tools-for-stm32.7-2018-q2-update.linux64_1.4.0.202007081208/tools/bin/../lib/gcc/arm-none-eabi/7.3.1/../../../../arm-none-eabi/lib/thumb/v7e-m/fpv4-sp/hard/libc_nano.a(lib_a-impure.o)
                              /opt/st/stm32cubeide_1.4.0/plugins/com.st.stm32cube.ide.mcu.externaltools.gnu-tools-for-stm32.7-2018-q2-update.linux64_1.4.0.202007081208/tools/bin/../lib/gcc/arm-none-eabi/7.3.1/../../../../arm-none-eabi/lib/thumb/v7e-m/fpv4-sp/hard/libc_nano.a(lib_a-exit.o) (_global_impure_ptr)
/opt/st/stm32cubeide_1.4.0/plugins/com.st.stm32cube.ide.mcu.externaltools.gnu-tools-for-stm32.7-2018-q2-update.linux64_1.4.0.202007081208/tools/bin/../lib/gcc/arm-none-eabi/7.3.1/../../../../arm-none-eabi/lib/thumb/v7e-m/fpv4-sp/hard/libc_nano.a(lib_a-init.o)
                              /opt/st/stm32cubeide_1.4.0/plugins/com.st.stm32cube.ide.mcu.externaltools.gnu-tools-for-stm32.7-2018-q2-update.linux64_1.4.0.202007081208/tools/bin/../lib/gcc/arm-none-eabi/7.3.1/../../../../arm-none-eabi/lib/thumb/v7e-m/fpv4-sp/hard/crt0.o (__libc_init_array)
/opt/st/stm32cubeide_1.4.0/plugins/com.st.stm32cube.ide.mcu.externaltools.gnu-tools-for-stm32.7-2018-q2-update.linux64_1.4.0.202007081208/tools/bin/../lib/gcc/arm-none-eabi/7.3.1/../../../../arm-none-eabi/lib/thumb/v7e-m/fpv4-sp/hard/libc_nano.a(lib_a-memset.o)
                              /opt/st/stm32cubeide_1.4.0/plugins/com.st.stm32cube.ide.mcu.externaltools.gnu-tools-for-stm32.7-2018-q2-update.linux64_1.4.0.202007081208/tools/bin/../lib/gcc/arm-none-eabi/7.3.1/../../../../arm-none-eabi/lib/thumb/v7e-m/fpv4-sp/hard/crt0.o (memset)

Allocating common symbols
Common symbol       size              file

uwTick              0x4               Drivers/STM32F3xx_HAL_Driver/Src/stm32f3xx_hal.o
pFlash              0x20              Drivers/STM32F3xx_HAL_Driver/Src/stm32f3xx_hal_flash.o

Discarded input sections

 .text          0x0000000000000000        0x0 /opt/st/stm32cubeide_1.4.0/plugins/com.st.stm32cube.ide.mcu.externaltools.gnu-tools-for-stm32.7-2018-q2-update.linux64_1.4.0.202007081208/tools/bin/../lib/gcc/arm-none-eabi/7.3.1/thumb/v7e-m/fpv4-sp/hard/crti.o
 .data          0x0000000000000000        0x0 /opt/st/stm32cubeide_1.4.0/plugins/com.st.stm32cube.ide.mcu.externaltools.gnu-tools-for-stm32.7-2018-q2-update.linux64_1.4.0.202007081208/tools/bin/../lib/gcc/arm-none-eabi/7.3.1/thumb/v7e-m/fpv4-sp/hard/crti.o
 .bss           0x0000000000000000        0x0 /opt/st/stm32cubeide_1.4.0/plugins/com.st.stm32cube.ide.mcu.externaltools.gnu-tools-for-stm32.7-2018-q2-update.linux64_1.4.0.202007081208/tools/bin/../lib/gcc/arm-none-eabi/7.3.1/thumb/v7e-m/fpv4-sp/hard/crti.o
 .data          0x0000000000000000        0x4 /opt/st/stm32cubeide_1.4.0/plugins/com.st.stm32cube.ide.mcu.externaltools.gnu-tools-for-stm32.7-2018-q2-update.linux64_1.4.0.202007081208/tools/bin/../lib/gcc/arm-none-eabi/7.3.1/thumb/v7e-m/fpv4-sp/hard/crtbegin.o
 .text          0x0000000000000000       0x74 /opt/st/stm32cubeide_1.4.0/plugins/com.st.stm32cube.ide.mcu.externaltools.gnu-tools-for-stm32.7-2018-q2-update.linux64_1.4.0.202007081208/tools/bin/../lib/gcc/arm-none-eabi/7.3.1/../../../../arm-none-eabi/lib/thumb/v7e-m/fpv4-sp/hard/crt0.o
 .data          0x0000000000000000        0x0 /opt/st/stm32cubeide_1.4.0/plugins/com.st.stm32cube.ide.mcu.externaltools.gnu-tools-for-stm32.7-2018-q2-update.linux64_1.4.0.202007081208/tools/bin/../lib/gcc/arm-none-eabi/7.3.1/../../../../arm-none-eabi/lib/thumb/v7e-m/fpv4-sp/hard/crt0.o
 .bss           0x0000000000000000        0x0 /opt/st/stm32cubeide_1.4.0/plugins/com.st.stm32cube.ide.mcu.externaltools.gnu-tools-for-stm32.7-2018-q2-update.linux64_1.4.0.202007081208/tools/bin/../lib/gcc/arm-none-eabi/7.3.1/../../../../arm-none-eabi/lib/thumb/v7e-m/fpv4-sp/hard/crt0.o
[...]
Memory Configuration

Name             Origin             Length             Attributes
CCMRAM           0x0000000010000000 0x0000000000001000 xrw
RAM              0x0000000020000000 0x0000000000003000 xrw
FLASH            0x0000000008000000 0x0000000000010000 xr
*default*        0x0000000000000000 0xffffffffffffffff

Linker script and memory map

LOAD /opt/st/stm32cubeide_1.4.0/plugins/com.st.stm32cube.ide.mcu.externaltools.gnu-tools-for-stm32.7-2018-q2-update.linux64_1.4.0.202007081208/tools/bin/../lib/gcc/arm-none-eabi/7.3.1/thumb/v7e-m/fpv4-sp/hard/crti.o
LOAD /opt/st/stm32cubeide_1.4.0/plugins/com.st.stm32cube.ide.mcu.externaltools.gnu-tools-for-stm32.7-2018-q2-update.linux64_1.4.0.202007081208/tools/bin/../lib/gcc/arm-none-eabi/7.3.1/thumb/v7e-m/fpv4-sp/hard/crtbegin.o
LOAD /opt/st/stm32cubeide_1.4.0/plugins/com.st.stm32cube.ide.mcu.externaltools.gnu-tools-for-stm32.7-2018-q2-update.linux64_1.4.0.202007081208/tools/bin/../lib/gcc/arm-none-eabi/7.3.1/../../../../arm-none-eabi/lib/thumb/v7e-m/fpv4-sp/hard/crt0.o
LOAD Core/Src/RPLidar.o
LOAD Core/Src/main.o
LOAD Core/Src/stm32f3xx_hal_msp.o
LOAD Core/Src/stm32f3xx_it.o
LOAD Core/Src/syscalls.o
LOAD Core/Src/sysmem.o
LOAD Core/Src/system_stm32f3xx.o
LOAD Core/Src/uart_lib.o
LOAD Core/Startup/startup_stm32f303k8tx.o
LOAD Drivers/STM32F3xx_HAL_Driver/Src/stm32f3xx_hal.o
LOAD Drivers/STM32F3xx_HAL_Driver/Src/stm32f3xx_hal_cortex.o
LOAD Drivers/STM32F3xx_HAL_Driver/Src/stm32f3xx_hal_dma.o
LOAD Drivers/STM32F3xx_HAL_Driver/Src/stm32f3xx_hal_exti.o
LOAD Drivers/STM32F3xx_HAL_Driver/Src/stm32f3xx_hal_flash.o
LOAD Drivers/STM32F3xx_HAL_Driver/Src/stm32f3xx_hal_flash_ex.o
LOAD Drivers/STM32F3xx_HAL_Driver/Src/stm32f3xx_hal_gpio.o
LOAD Drivers/STM32F3xx_HAL_Driver/Src/stm32f3xx_hal_i2c.o
LOAD Drivers/STM32F3xx_HAL_Driver/Src/stm32f3xx_hal_i2c_ex.o
LOAD Drivers/STM32F3xx_HAL_Driver/Src/stm32f3xx_hal_pwr.o
LOAD Drivers/STM32F3xx_HAL_Driver/Src/stm32f3xx_hal_pwr_ex.o
LOAD Drivers/STM32F3xx_HAL_Driver/Src/stm32f3xx_hal_rcc.o
LOAD Drivers/STM32F3xx_HAL_Driver/Src/stm32f3xx_hal_rcc_ex.o
LOAD Drivers/STM32F3xx_HAL_Driver/Src/stm32f3xx_hal_spi.o
LOAD Drivers/STM32F3xx_HAL_Driver/Src/stm32f3xx_hal_spi_ex.o
LOAD Drivers/STM32F3xx_HAL_Driver/Src/stm32f3xx_hal_tim.o
LOAD Drivers/STM32F3xx_HAL_Driver/Src/stm32f3xx_hal_tim_ex.o
LOAD Drivers/STM32F3xx_HAL_Driver/Src/stm32f3xx_hal_uart.o
LOAD Drivers/STM32F3xx_HAL_Driver/Src/stm32f3xx_hal_uart_ex.o
START GROUP
LOAD /opt/st/stm32cubeide_1.4.0/plugins/com.st.stm32cube.ide.mcu.externaltools.gnu-tools-for-stm32.7-2018-q2-update.linux64_1.4.0.202007081208/tools/bin/../lib/gcc/arm-none-eabi/7.3.1/../../../../arm-none-eabi/lib/thumb/v7e-m/fpv4-sp/hard/libstdc++_nano.a
LOAD /opt/st/stm32cubeide_1.4.0/plugins/com.st.stm32cube.ide.mcu.externaltools.gnu-tools-for-stm32.7-2018-q2-update.linux64_1.4.0.202007081208/tools/bin/../lib/gcc/arm-none-eabi/7.3.1/../../../../arm-none-eabi/lib/thumb/v7e-m/fpv4-sp/hard/libsupc++_nano.a
END GROUP
LOAD /opt/st/stm32cubeide_1.4.0/plugins/com.st.stm32cube.ide.mcu.externaltools.gnu-tools-for-stm32.7-2018-q2-update.linux64_1.4.0.202007081208/tools/bin/../lib/gcc/arm-none-eabi/7.3.1/../../../../arm-none-eabi/lib/thumb/v7e-m/fpv4-sp/hard/libstdc++_nano.a
LOAD /opt/st/stm32cubeide_1.4.0/plugins/com.st.stm32cube.ide.mcu.externaltools.gnu-tools-for-stm32.7-2018-q2-update.linux64_1.4.0.202007081208/tools/bin/../lib/gcc/arm-none-eabi/7.3.1/../../../../arm-none-eabi/lib/thumb/v7e-m/fpv4-sp/hard/libm.a
LOAD /opt/st/stm32cubeide_1.4.0/plugins/com.st.stm32cube.ide.mcu.externaltools.gnu-tools-for-stm32.7-2018-q2-update.linux64_1.4.0.202007081208/tools/bin/../lib/gcc/arm-none-eabi/7.3.1/../../../../arm-none-eabi/lib/thumb/v7e-m/fpv4-sp/hard/libc_nano.a
START GROUP
LOAD /opt/st/stm32cubeide_1.4.0/plugins/com.st.stm32cube.ide.mcu.externaltools.gnu-tools-for-stm32.7-2018-q2-update.linux64_1.4.0.202007081208/tools/bin/../lib/gcc/arm-none-eabi/7.3.1/thumb/v7e-m/fpv4-sp/hard/libgcc.a
LOAD /opt/st/stm32cubeide_1.4.0/plugins/com.st.stm32cube.ide.mcu.externaltools.gnu-tools-for-stm32.7-2018-q2-update.linux64_1.4.0.202007081208/tools/bin/../lib/gcc/arm-none-eabi/7.3.1/../../../../arm-none-eabi/lib/thumb/v7e-m/fpv4-sp/hard/libc_nano.a
END GROUP
START GROUP
LOAD /opt/st/stm32cubeide_1.4.0/plugins/com.st.stm32cube.ide.mcu.externaltools.gnu-tools-for-stm32.7-2018-q2-update.linux64_1.4.0.202007081208/tools/bin/../lib/gcc/arm-none-eabi/7.3.1/thumb/v7e-m/fpv4-sp/hard/libgcc.a
LOAD /opt/st/stm32cubeide_1.4.0/plugins/com.st.stm32cube.ide.mcu.externaltools.gnu-tools-for-stm32.7-2018-q2-update.linux64_1.4.0.202007081208/tools/bin/../lib/gcc/arm-none-eabi/7.3.1/../../../../arm-none-eabi/lib/thumb/v7e-m/fpv4-sp/hard/libc_nano.a
LOAD /opt/st/stm32cubeide_1.4.0/plugins/com.st.stm32cube.ide.mcu.externaltools.gnu-tools-for-stm32.7-2018-q2-update.linux64_1.4.0.202007081208/tools/bin/../lib/gcc/arm-none-eabi/7.3.1/../../../../arm-none-eabi/lib/thumb/v7e-m/fpv4-sp/hard/libnosys.a
END GROUP
START GROUP
LOAD /opt/st/stm32cubeide_1.4.0/plugins/com.st.stm32cube.ide.mcu.externaltools.gnu-tools-for-stm32.7-2018-q2-update.linux64_1.4.0.202007081208/tools/bin/../lib/gcc/arm-none-eabi/7.3.1/thumb/v7e-m/fpv4-sp/hard/libgcc.a
LOAD /opt/st/stm32cubeide_1.4.0/plugins/com.st.stm32cube.ide.mcu.externaltools.gnu-tools-for-stm32.7-2018-q2-update.linux64_1.4.0.202007081208/tools/bin/../lib/gcc/arm-none-eabi/7.3.1/../../../../arm-none-eabi/lib/thumb/v7e-m/fpv4-sp/hard/libc_nano.a
LOAD /opt/st/stm32cubeide_1.4.0/plugins/com.st.stm32cube.ide.mcu.externaltools.gnu-tools-for-stm32.7-2018-q2-update.linux64_1.4.0.202007081208/tools/bin/../lib/gcc/arm-none-eabi/7.3.1/../../../../arm-none-eabi/lib/thumb/v7e-m/fpv4-sp/hard/libnosys.a
END GROUP
LOAD /opt/st/stm32cubeide_1.4.0/plugins/com.st.stm32cube.ide.mcu.externaltools.gnu-tools-for-stm32.7-2018-q2-update.linux64_1.4.0.202007081208/tools/bin/../lib/gcc/arm-none-eabi/7.3.1/thumb/v7e-m/fpv4-sp/hard/crtend.o
LOAD /opt/st/stm32cubeide_1.4.0/plugins/com.st.stm32cube.ide.mcu.externaltools.gnu-tools-for-stm32.7-2018-q2-update.linux64_1.4.0.202007081208/tools/bin/../lib/gcc/arm-none-eabi/7.3.1/thumb/v7e-m/fpv4-sp/hard/crtn.o
                0x0000000020003000                _estack = (ORIGIN (RAM) + LENGTH (RAM))
                0x0000000000000200                _Min_Heap_Size = 0x200
                0x0000000000000400                _Min_Stack_Size = 0x400

.isr_vector     0x0000000008000000      0x188
                0x0000000008000000                . = ALIGN (0x4)
 *(.isr_vector)
 .isr_vector    0x0000000008000000      0x188 Core/Startup/startup_stm32f303k8tx.o
                0x0000000008000000                g_pfnVectors
                0x0000000008000188                . = ALIGN (0x4)

.text           0x0000000008000188     0x3108
                0x0000000008000188                . = ALIGN (0x4)
 *(.text)
 .text          0x0000000008000188       0x40 /opt/st/stm32cubeide_1.4.0/plugins/com.st.stm32cube.ide.mcu.externaltools.gnu-tools-for-stm32.7-2018-q2-update.linux64_1.4.0.202007081208/tools/bin/../lib/gcc/arm-none-eabi/7.3.1/thumb/v7e-m/fpv4-sp/hard/crtbegin.o
 *(.text*)
 .text._ZN7RPLidarC2Ev
                0x00000000080001c8       0x32 Core/Src/RPLidar.o
                0x00000000080001c8                RPLidar::RPLidar()
                0x00000000080001c8                RPLidar::RPLidar()
 .text._ZN7RPLidarD2Ev
                0x00000000080001fa       0x18 Core/Src/RPLidar.o
                0x00000000080001fa                RPLidar::~RPLidar()
                0x00000000080001fa                RPLidar::~RPLidar()
 *fill*         0x0000000008000212        0x2 
 .text._ZN7RPLidar5beginEP20__UART_HandleTypeDef
                0x0000000008000214       0x20 Core/Src/RPLidar.o
                0x0000000008000214                RPLidar::begin(__UART_HandleTypeDef*)
 .text._ZN7RPLidar3endEv
                0x0000000008000234       0x14 Core/Src/RPLidar.o
                0x0000000008000234                RPLidar::end()
 .text._ZN7RPLidar13getDeviceInfoER31_rplidar_response_device_info_tm
                0x0000000008000248       0xe0 Core/Src/RPLidar.o
                0x0000000008000248                RPLidar::getDeviceInfo(_rplidar_response_device_info_t&, unsigned long)
 .text._ZN7RPLidar4stopEv
                0x0000000008000328       0x20 Core/Src/RPLidar.o
                0x0000000008000328                RPLidar::stop()
 .text._ZN7RPLidar9startScanEbm
                0x0000000008000348       0x84 Core/Src/RPLidar.o
                0x0000000008000348                RPLidar::startScan(bool, unsigned long)
 .text._ZN7RPLidar9waitPointEm
                0x00000000080003cc      0x11c Core/Src/RPLidar.o
                0x00000000080003cc                RPLidar::waitPoint(unsigned long)
 .text._ZN7RPLidar12_sendCommandEhPKvj
                0x00000000080004e8       0xc0 Core/Src/RPLidar.o
                0x00000000080004e8                RPLidar::_sendCommand(unsigned char, void const*, unsigned int)
 .text._ZN7RPLidar19_waitResponseHeaderEP21_rplidar_ans_header_tm
                0x00000000080005a8       0xac Core/Src/RPLidar.o
                0x00000000080005a8                RPLidar::_waitResponseHeader(_rplidar_ans_header_t*, unsigned long)
 .text._ZN7RPLidar15getCurrentPointEv
                0x0000000008000654       0x16 Core/Src/main.o
                0x0000000008000654                RPLidar::getCurrentPoint()
 *fill*         0x000000000800066a        0x2 
 .text.main     0x000000000800066c       0xbc Core/Src/main.o
                0x000000000800066c                main
 .text._Z18SystemClock_Configv
                0x0000000008000728       0xc2 Core/Src/main.o
                0x0000000008000728                SystemClock_Config()
 *fill*         0x00000000080007ea        0x2 
 .text._ZL12MX_SPI1_Initv
                0x00000000080007ec       0x7c Core/Src/main.o
 .text._ZL19MX_USART1_UART_Initv
                0x0000000008000868       0x68 Core/Src/main.o
 .text._ZL19MX_USART2_UART_Initv
                0x00000000080008d0       0x68 Core/Src/main.o
 .text._ZL12MX_GPIO_Initv
                0x0000000008000938       0x7c Core/Src/main.o
 .text.Error_Handler
                0x00000000080009b4        0xe Core/Src/main.o
                0x00000000080009b4                Error_Handler
 *fill*         0x00000000080009c2        0x2 
 .text._Z41__static_initialization_and_destruction_0ii
                0x00000000080009c4       0x44 Core/Src/main.o
 .text._GLOBAL__sub_I_hspi1
                0x0000000008000a08       0x10 Core/Src/main.o
 .text._GLOBAL__sub_D_hspi1
                0x0000000008000a18       0x10 Core/Src/main.o
 .text.HAL_MspInit
                0x0000000008000a28       0x48 Core/Src/stm32f3xx_hal_msp.o
                0x0000000008000a28                HAL_MspInit
 .text.HAL_SPI_MspInit
                0x0000000008000a70       0x84 Core/Src/stm32f3xx_hal_msp.o
                0x0000000008000a70                HAL_SPI_MspInit
 .text.HAL_UART_MspInit
                0x0000000008000af4       0xec Core/Src/stm32f3xx_hal_msp.o
                0x0000000008000af4                HAL_UART_MspInit
 .text.NMI_Handler
                0x0000000008000be0        0xe Core/Src/stm32f3xx_it.o
                0x0000000008000be0                NMI_Handler
 .text.HardFault_Handler
                0x0000000008000bee        0x6 Core/Src/stm32f3xx_it.o
                0x0000000008000bee                HardFault_Handler
 .text.MemManage_Handler
                0x0000000008000bf4        0x6 Core/Src/stm32f3xx_it.o
                0x0000000008000bf4                MemManage_Handler
 .text.BusFault_Handler
                0x0000000008000bfa        0x6 Core/Src/stm32f3xx_it.o
                0x0000000008000bfa                BusFault_Handler
 .text.UsageFault_Handler
                0x0000000008000c00        0x6 Core/Src/stm32f3xx_it.o
                0x0000000008000c00                UsageFault_Handler
 .text.SVC_Handler
                0x0000000008000c06        0xe Core/Src/stm32f3xx_it.o
                0x0000000008000c06                SVC_Handler
 .text.DebugMon_Handler
                0x0000000008000c14        0xe Core/Src/stm32f3xx_it.o
                0x0000000008000c14                DebugMon_Handler
 .text.PendSV_Handler
                0x0000000008000c22        0xe Core/Src/stm32f3xx_it.o
                0x0000000008000c22                PendSV_Handler
 .text.SysTick_Handler
                0x0000000008000c30        0xc Core/Src/stm32f3xx_it.o
                0x0000000008000c30                SysTick_Handler
 .text.SystemInit
                0x0000000008000c3c       0x2c Core/Src/system_stm32f3xx.o
                0x0000000008000c3c                SystemInit
 .text._ZN4Uart5beginEP20__UART_HandleTypeDef
                0x0000000008000c68       0x1c Core/Src/uart_lib.o
                0x0000000008000c68                Uart::begin(__UART_HandleTypeDef*)
 .text._ZN4Uart4getcEv
                0x0000000008000c84       0x28 Core/Src/uart_lib.o
                0x0000000008000c84                Uart::getc()
 .text._ZN4Uart4putcEh
                0x0000000008000cac       0x2e Core/Src/uart_lib.o
                0x0000000008000cac                Uart::putc(unsigned char)
 *fill*         0x0000000008000cda        0x2 
 .text.Reset_Handler
                0x0000000008000cdc       0x50 Core/Startup/startup_stm32f303k8tx.o
                0x0000000008000cdc                Reset_Handler
 .text.Default_Handler
                0x0000000008000d2c        0x2 Core/Startup/startup_stm32f303k8tx.o
                0x0000000008000d2c                RTC_Alarm_IRQHandler
                0x0000000008000d2c                TIM1_CC_IRQHandler
                0x0000000008000d2c                PVD_IRQHandler
                0x0000000008000d2c                TAMP_STAMP_IRQHandler
                0x0000000008000d2c                EXTI3_IRQHandler
                0x0000000008000d2c                EXTI0_IRQHandler
                0x0000000008000d2c                FPU_IRQHandler
                0x0000000008000d2c                CAN_TX_IRQHandler
                0x0000000008000d2c                TIM1_UP_TIM16_IRQHandler
                0x0000000008000d2c                ADC1_2_IRQHandler
                0x0000000008000d2c                SPI1_IRQHandler
                0x0000000008000d2c                CAN_SCE_IRQHandler
                0x0000000008000d2c                DMA1_Channel4_IRQHandler
                0x0000000008000d2c                USART3_IRQHandler
                0x0000000008000d2c                DMA1_Channel7_IRQHandler
                0x0000000008000d2c                TIM7_DAC2_IRQHandler
                0x0000000008000d2c                CAN_RX1_IRQHandler
                0x0000000008000d2c                I2C1_EV_IRQHandler
                0x0000000008000d2c                DMA1_Channel6_IRQHandler
                0x0000000008000d2c                TIM3_IRQHandler
                0x0000000008000d2c                RCC_IRQHandler
                0x0000000008000d2c                DMA1_Channel1_IRQHandler
                0x0000000008000d2c                Default_Handler
                0x0000000008000d2c                EXTI15_10_IRQHandler
                0x0000000008000d2c                COMP2_IRQHandler
                0x0000000008000d2c                TIM6_DAC1_IRQHandler
                0x0000000008000d2c                EXTI9_5_IRQHandler
                0x0000000008000d2c                RTC_WKUP_IRQHandler
                0x0000000008000d2c                DMA1_Channel5_IRQHandler
                0x0000000008000d2c                EXTI4_IRQHandler
                0x0000000008000d2c                TIM1_TRG_COM_TIM17_IRQHandler
                0x0000000008000d2c                DMA1_Channel3_IRQHandler
                0x0000000008000d2c                WWDG_IRQHandler
                0x0000000008000d2c                TIM2_IRQHandler
                0x0000000008000d2c                EXTI1_IRQHandler
                0x0000000008000d2c                COMP4_6_IRQHandler
                0x0000000008000d2c                USART2_IRQHandler
                0x0000000008000d2c                DMA1_Channel2_IRQHandler
                0x0000000008000d2c                FLASH_IRQHandler
                0x0000000008000d2c                USART1_IRQHandler
                0x0000000008000d2c                CAN_RX0_IRQHandler
                0x0000000008000d2c                I2C1_ER_IRQHandler
                0x0000000008000d2c                EXTI2_TSC_IRQHandler
                0x0000000008000d2c                TIM1_BRK_TIM15_IRQHandler
 *fill*         0x0000000008000d2e        0x2 
 .text.HAL_Init
                0x0000000008000d30       0x2c Drivers/STM32F3xx_HAL_Driver/Src/stm32f3xx_hal.o
                0x0000000008000d30                HAL_Init
 .text.HAL_InitTick
                0x0000000008000d5c       0x60 Drivers/STM32F3xx_HAL_Driver/Src/stm32f3xx_hal.o
                0x0000000008000d5c                HAL_InitTick
 .text.HAL_IncTick
                0x0000000008000dbc       0x28 Drivers/STM32F3xx_HAL_Driver/Src/stm32f3xx_hal.o
                0x0000000008000dbc                HAL_IncTick
 .text.HAL_GetTick
                0x0000000008000de4       0x18 Drivers/STM32F3xx_HAL_Driver/Src/stm32f3xx_hal.o
                0x0000000008000de4                HAL_GetTick
 .text.HAL_Delay
                0x0000000008000dfc       0x44 Drivers/STM32F3xx_HAL_Driver/Src/stm32f3xx_hal.o
                0x0000000008000dfc                HAL_Delay
 .text.__NVIC_SetPriorityGrouping
                0x0000000008000e40       0x48 Drivers/STM32F3xx_HAL_Driver/Src/stm32f3xx_hal_cortex.o
 .text.__NVIC_GetPriorityGrouping
                0x0000000008000e88       0x1c Drivers/STM32F3xx_HAL_Driver/Src/stm32f3xx_hal_cortex.o
 .text.__NVIC_SetPriority
                0x0000000008000ea4       0x54 Drivers/STM32F3xx_HAL_Driver/Src/stm32f3xx_hal_cortex.o
 .text.NVIC_EncodePriority
                0x0000000008000ef8       0x66 Drivers/STM32F3xx_HAL_Driver/Src/stm32f3xx_hal_cortex.o
 *fill*         0x0000000008000f5e        0x2 
 .text.SysTick_Config
                0x0000000008000f60       0x44 Drivers/STM32F3xx_HAL_Driver/Src/stm32f3xx_hal_cortex.o
 .text.HAL_NVIC_SetPriorityGrouping
                0x0000000008000fa4       0x16 Drivers/STM32F3xx_HAL_Driver/Src/stm32f3xx_hal_cortex.o
                0x0000000008000fa4                HAL_NVIC_SetPriorityGrouping
 .text.HAL_NVIC_SetPriority
                0x0000000008000fba       0x38 Drivers/STM32F3xx_HAL_Driver/Src/stm32f3xx_hal_cortex.o
                0x0000000008000fba                HAL_NVIC_SetPriority
 .text.HAL_SYSTICK_Config
                0x0000000008000ff2       0x18 Drivers/STM32F3xx_HAL_Driver/Src/stm32f3xx_hal_cortex.o
                0x0000000008000ff2                HAL_SYSTICK_Config
 *fill*         0x000000000800100a        0x2 
 .text.HAL_GPIO_Init
                0x000000000800100c      0x2e4 Drivers/STM32F3xx_HAL_Driver/Src/stm32f3xx_hal_gpio.o
                0x000000000800100c                HAL_GPIO_Init
 .text.HAL_GPIO_WritePin
                0x00000000080012f0       0x30 Drivers/STM32F3xx_HAL_Driver/Src/stm32f3xx_hal_gpio.o
                0x00000000080012f0                HAL_GPIO_WritePin
 .text.HAL_RCC_OscConfig
                0x0000000008001320      0xe10 Drivers/STM32F3xx_HAL_Driver/Src/stm32f3xx_hal_rcc.o
                0x0000000008001320                HAL_RCC_OscConfig
 .text.HAL_RCC_ClockConfig
                0x0000000008002130      0x2f8 Drivers/STM32F3xx_HAL_Driver/Src/stm32f3xx_hal_rcc.o
                0x0000000008002130                HAL_RCC_ClockConfig
 .text.HAL_RCC_GetSysClockFreq
                0x0000000008002428       0xd4 Drivers/STM32F3xx_HAL_Driver/Src/stm32f3xx_hal_rcc.o
                0x0000000008002428                HAL_RCC_GetSysClockFreq
 .text.HAL_RCC_GetHCLKFreq
                0x00000000080024fc       0x18 Drivers/STM32F3xx_HAL_Driver/Src/stm32f3xx_hal_rcc.o
                0x00000000080024fc                HAL_RCC_GetHCLKFreq
 .text.HAL_RCC_GetPCLK1Freq
                0x0000000008002514       0x44 Drivers/STM32F3xx_HAL_Driver/Src/stm32f3xx_hal_rcc.o
                0x0000000008002514                HAL_RCC_GetPCLK1Freq
 .text.HAL_RCC_GetPCLK2Freq
                0x0000000008002558       0x44 Drivers/STM32F3xx_HAL_Driver/Src/stm32f3xx_hal_rcc.o
                0x0000000008002558                HAL_RCC_GetPCLK2Freq
 .text.HAL_RCCEx_PeriphCLKConfig
                0x000000000800259c      0x24c Drivers/STM32F3xx_HAL_Driver/Src/stm32f3xx_hal_rcc_ex.o
                0x000000000800259c                HAL_RCCEx_PeriphCLKConfig
 .text.HAL_SPI_Init
                0x00000000080027e8      0x114 Drivers/STM32F3xx_HAL_Driver/Src/stm32f3xx_hal_spi.o
                0x00000000080027e8                HAL_SPI_Init
 .text.HAL_UART_Init
                0x00000000080028fc       0x9c Drivers/STM32F3xx_HAL_Driver/Src/stm32f3xx_hal_uart.o
                0x00000000080028fc                HAL_UART_Init
 .text.HAL_UART_Transmit
                0x0000000008002998      0x126 Drivers/STM32F3xx_HAL_Driver/Src/stm32f3xx_hal_uart.o
                0x0000000008002998                HAL_UART_Transmit
 .text.HAL_UART_Receive
                0x0000000008002abe      0x19a Drivers/STM32F3xx_HAL_Driver/Src/stm32f3xx_hal_uart.o
                0x0000000008002abe                HAL_UART_Receive
 .text.UART_SetConfig
                0x0000000008002c58      0x304 Drivers/STM32F3xx_HAL_Driver/Src/stm32f3xx_hal_uart.o
                0x0000000008002c58                UART_SetConfig
 .text.UART_AdvFeatureConfig
                0x0000000008002f5c      0x144 Drivers/STM32F3xx_HAL_Driver/Src/stm32f3xx_hal_uart.o
                0x0000000008002f5c                UART_AdvFeatureConfig
 .text.UART_CheckIdleState
                0x00000000080030a0       0x8a Drivers/STM32F3xx_HAL_Driver/Src/stm32f3xx_hal_uart.o
                0x00000000080030a0                UART_CheckIdleState
 .text.UART_WaitOnFlagUntilTimeout
                0x000000000800312a       0xf6 Drivers/STM32F3xx_HAL_Driver/Src/stm32f3xx_hal_uart.o
                0x000000000800312a                UART_WaitOnFlagUntilTimeout
 .text.__libc_init_array
                0x0000000008003220       0x48 /opt/st/stm32cubeide_1.4.0/plugins/com.st.stm32cube.ide.mcu.externaltools.gnu-tools-for-stm32.7-2018-q2-update.linux64_1.4.0.202007081208/tools/bin/../lib/gcc/arm-none-eabi/7.3.1/../../../../arm-none-eabi/lib/thumb/v7e-m/fpv4-sp/hard/libc_nano.a(lib_a-init.o)
                0x0000000008003220                __libc_init_array
 .text.memset   0x0000000008003268       0x10 /opt/st/stm32cubeide_1.4.0/plugins/com.st.stm32cube.ide.mcu.externaltools.gnu-tools-for-stm32.7-2018-q2-update.linux64_1.4.0.202007081208/tools/bin/../lib/gcc/arm-none-eabi/7.3.1/../../../../arm-none-eabi/lib/thumb/v7e-m/fpv4-sp/hard/libc_nano.a(lib_a-memset.o)
                0x0000000008003268                memset
 *(.glue_7)
 .glue_7        0x0000000008003278        0x0 linker stubs
 *(.glue_7t)
 .glue_7t       0x0000000008003278        0x0 linker stubs
 *(.eh_frame)
 .eh_frame      0x0000000008003278        0x0 /opt/st/stm32cubeide_1.4.0/plugins/com.st.stm32cube.ide.mcu.externaltools.gnu-tools-for-stm32.7-2018-q2-update.linux64_1.4.0.202007081208/tools/bin/../lib/gcc/arm-none-eabi/7.3.1/thumb/v7e-m/fpv4-sp/hard/crtbegin.o
 *(.init)
 .init          0x0000000008003278        0x4 /opt/st/stm32cubeide_1.4.0/plugins/com.st.stm32cube.ide.mcu.externaltools.gnu-tools-for-stm32.7-2018-q2-update.linux64_1.4.0.202007081208/tools/bin/../lib/gcc/arm-none-eabi/7.3.1/thumb/v7e-m/fpv4-sp/hard/crti.o
                0x0000000008003278                _init
 .init          0x000000000800327c        0x8 /opt/st/stm32cubeide_1.4.0/plugins/com.st.stm32cube.ide.mcu.externaltools.gnu-tools-for-stm32.7-2018-q2-update.linux64_1.4.0.202007081208/tools/bin/../lib/gcc/arm-none-eabi/7.3.1/thumb/v7e-m/fpv4-sp/hard/crtn.o
 *(.fini)
 .fini          0x0000000008003284        0x4 /opt/st/stm32cubeide_1.4.0/plugins/com.st.stm32cube.ide.mcu.externaltools.gnu-tools-for-stm32.7-2018-q2-update.linux64_1.4.0.202007081208/tools/bin/../lib/gcc/arm-none-eabi/7.3.1/thumb/v7e-m/fpv4-sp/hard/crti.o
                0x0000000008003284                _fini
 .fini          0x0000000008003288        0x8 /opt/st/stm32cubeide_1.4.0/plugins/com.st.stm32cube.ide.mcu.externaltools.gnu-tools-for-stm32.7-2018-q2-update.linux64_1.4.0.202007081208/tools/bin/../lib/gcc/arm-none-eabi/7.3.1/thumb/v7e-m/fpv4-sp/hard/crtn.o
                0x0000000008003290                . = ALIGN (0x4)
                0x0000000008003290                _etext = .

.vfp11_veneer   0x0000000008003290        0x0
 .vfp11_veneer  0x0000000008003290        0x0 linker stubs

.v4_bx          0x0000000008003290        0x0
 .v4_bx         0x0000000008003290        0x0 linker stubs

.iplt           0x0000000008003290        0x0
 .iplt          0x0000000008003290        0x0 /opt/st/stm32cubeide_1.4.0/plugins/com.st.stm32cube.ide.mcu.externaltools.gnu-tools-for-stm32.7-2018-q2-update.linux64_1.4.0.202007081208/tools/bin/../lib/gcc/arm-none-eabi/7.3.1/thumb/v7e-m/fpv4-sp/hard/crtbegin.o

.rodata         0x0000000008003290       0x38
                0x0000000008003290                . = ALIGN (0x4)
 *(.rodata)
 *(.rodata*)
 .rodata.AHBPrescTable
                0x0000000008003290       0x10 Core/Src/system_stm32f3xx.o
                0x0000000008003290                AHBPrescTable
 .rodata.APBPrescTable
                0x00000000080032a0        0x8 Core/Src/system_stm32f3xx.o
                0x00000000080032a0                APBPrescTable
 .rodata.aPLLMULFactorTable
                0x00000000080032a8       0x10 Drivers/STM32F3xx_HAL_Driver/Src/stm32f3xx_hal_rcc.o
                0x00000000080032a8                aPLLMULFactorTable
 .rodata.aPredivFactorTable
                0x00000000080032b8       0x10 Drivers/STM32F3xx_HAL_Driver/Src/stm32f3xx_hal_rcc.o
                0x00000000080032b8                aPredivFactorTable
                0x00000000080032c8                . = ALIGN (0x4)

.rel.dyn        0x00000000080032c8        0x0
 .rel.iplt      0x00000000080032c8        0x0 /opt/st/stm32cubeide_1.4.0/plugins/com.st.stm32cube.ide.mcu.externaltools.gnu-tools-for-stm32.7-2018-q2-update.linux64_1.4.0.202007081208/tools/bin/../lib/gcc/arm-none-eabi/7.3.1/thumb/v7e-m/fpv4-sp/hard/crtbegin.o

.ARM.extab      0x00000000080032c8        0x0
                0x00000000080032c8                . = ALIGN (0x4)
 *(.ARM.extab* .gnu.linkonce.armextab.*)
                0x00000000080032c8                . = ALIGN (0x4)

.ARM            0x00000000080032c8        0x0
                0x00000000080032c8                . = ALIGN (0x4)
                0x00000000080032c8                __exidx_start = .
 *(.ARM.exidx*)
                0x00000000080032c8                __exidx_end = .
                0x00000000080032c8                . = ALIGN (0x4)

.preinit_array  0x00000000080032c8        0x0
                0x00000000080032c8                . = ALIGN (0x4)
                0x00000000080032c8                PROVIDE (__preinit_array_start = .)
 *(.preinit_array*)
                0x00000000080032c8                PROVIDE (__preinit_array_end = .)
                0x00000000080032c8                . = ALIGN (0x4)

.init_array     0x00000000080032c8        0x8
                0x00000000080032c8                . = ALIGN (0x4)
                0x00000000080032c8                PROVIDE (__init_array_start = .)
 *(SORT_BY_NAME(.init_array.*))
 *(.init_array*)
 .init_array    0x00000000080032c8        0x4 /opt/st/stm32cubeide_1.4.0/plugins/com.st.stm32cube.ide.mcu.externaltools.gnu-tools-for-stm32.7-2018-q2-update.linux64_1.4.0.202007081208/tools/bin/../lib/gcc/arm-none-eabi/7.3.1/thumb/v7e-m/fpv4-sp/hard/crtbegin.o
 .init_array    0x00000000080032cc        0x4 Core/Src/main.o
                0x00000000080032d0                PROVIDE (__init_array_end = .)
                0x00000000080032d0                . = ALIGN (0x4)

.fini_array     0x00000000080032d0        0x8
                0x00000000080032d0                . = ALIGN (0x4)
                [!provide]                        PROVIDE (__fini_array_start = .)
 *(SORT_BY_NAME(.fini_array.*))
 *(.fini_array*)
 .fini_array    0x00000000080032d0        0x4 /opt/st/stm32cubeide_1.4.0/plugins/com.st.stm32cube.ide.mcu.externaltools.gnu-tools-for-stm32.7-2018-q2-update.linux64_1.4.0.202007081208/tools/bin/../lib/gcc/arm-none-eabi/7.3.1/thumb/v7e-m/fpv4-sp/hard/crtbegin.o
 .fini_array    0x00000000080032d4        0x4 Core/Src/main.o
                [!provide]                        PROVIDE (__fini_array_end = .)
                0x00000000080032d8                . = ALIGN (0x4)
                0x00000000080032d8                _sidata = LOADADDR (.data)

.data           0x0000000020000000        0xc load address 0x00000000080032d8
                0x0000000020000000                . = ALIGN (0x4)
                0x0000000020000000                _sdata = .
 *(.data)
 *(.data*)
 .data.SystemCoreClock
                0x0000000020000000        0x4 Core/Src/system_stm32f3xx.o
                0x0000000020000000                SystemCoreClock
 .data.uwTickPrio
                0x0000000020000004        0x4 Drivers/STM32F3xx_HAL_Driver/Src/stm32f3xx_hal.o
                0x0000000020000004                uwTickPrio
 .data.uwTickFreq
                0x0000000020000008        0x1 Drivers/STM32F3xx_HAL_Driver/Src/stm32f3xx_hal.o
                0x0000000020000008                uwTickFreq
                0x000000002000000c                . = ALIGN (0x4)
 *fill*         0x0000000020000009        0x3 
                0x000000002000000c                _edata = .

.igot.plt       0x000000002000000c        0x0 load address 0x00000000080032e4
 .igot.plt      0x000000002000000c        0x0 /opt/st/stm32cubeide_1.4.0/plugins/com.st.stm32cube.ide.mcu.externaltools.gnu-tools-for-stm32.7-2018-q2-update.linux64_1.4.0.202007081208/tools/bin/../lib/gcc/arm-none-eabi/7.3.1/thumb/v7e-m/fpv4-sp/hard/crtbegin.o
                0x000000002000000c                . = ALIGN (0x4)

.bss            0x000000002000000c      0x194 load address 0x00000000080032e4
                0x000000002000000c                _sbss = .
                0x000000002000000c                __bss_start__ = _sbss
 *(.bss)
 .bss           0x000000002000000c       0x1c /opt/st/stm32cubeide_1.4.0/plugins/com.st.stm32cube.ide.mcu.externaltools.gnu-tools-for-stm32.7-2018-q2-update.linux64_1.4.0.202007081208/tools/bin/../lib/gcc/arm-none-eabi/7.3.1/thumb/v7e-m/fpv4-sp/hard/crtbegin.o
 *(.bss*)
 .bss.serial    0x0000000020000028        0x4 Core/Src/RPLidar.o
                0x0000000020000028                serial
 .bss.hspi1     0x000000002000002c       0x64 Core/Src/main.o
                0x000000002000002c                hspi1
 .bss.huart1    0x0000000020000090       0x80 Core/Src/main.o
                0x0000000020000090                huart1
 .bss.huart2    0x0000000020000110       0x80 Core/Src/main.o
                0x0000000020000110                huart2
 .bss.lidar     0x0000000020000190        0xc Core/Src/main.o
                0x0000000020000190                lidar
 *(COMMON)
 COMMON         0x000000002000019c        0x4 Drivers/STM32F3xx_HAL_Driver/Src/stm32f3xx_hal.o
                0x000000002000019c                uwTick
                0x00000000200001a0                . = ALIGN (0x4)
                0x00000000200001a0                _ebss = .
                0x00000000200001a0                __bss_end__ = _ebss

._user_heap_stack
                0x00000000200001a0      0x600 load address 0x00000000080032e4
                0x00000000200001a0                . = ALIGN (0x8)
                [!provide]                        PROVIDE (end = .)
                0x00000000200001a0                PROVIDE (_end = .)
                0x00000000200003a0                . = (. + _Min_Heap_Size)
 *fill*         0x00000000200001a0      0x200 
                0x00000000200007a0                . = (. + _Min_Stack_Size)
 *fill*         0x00000000200003a0      0x400 
                0x00000000200007a0                . = ALIGN (0x8)

/DISCARD/
 libc.a(*)
 libm.a(*)
 libgcc.a(*)

.ARM.attributes
                0x0000000000000000       0x30
 *(.ARM.attributes)
 .ARM.attributes
                0x0000000000000000       0x22 /opt/st/stm32cubeide_1.4.0/plugins/com.st.stm32cube.ide.mcu.externaltools.gnu-tools-for-stm32.7-2018-q2-update.linux64_1.4.0.202007081208/tools/bin/../lib/gcc/arm-none-eabi/7.3.1/thumb/v7e-m/fpv4-sp/hard/crti.o
 .ARM.attributes
                0x0000000000000022       0x34 /opt/st/stm32cubeide_1.4.0/plugins/com.st.stm32cube.ide.mcu.externaltools.gnu-tools-for-stm32.7-2018-q2-update.linux64_1.4.0.202007081208/tools/bin/../lib/gcc/arm-none-eabi/7.3.1/thumb/v7e-m/fpv4-sp/hard/crtbegin.o
 .ARM.attributes
                0x0000000000000056       0x39 Core/Src/RPLidar.o
 .ARM.attributes
                0x000000000000008f       0x39 Core/Src/main.o
 .ARM.attributes
                0x00000000000000c8       0x39 Core/Src/stm32f3xx_hal_msp.o
 .ARM.attributes
                0x0000000000000101       0x39 Core/Src/stm32f3xx_it.o
 .ARM.attributes
                0x000000000000013a       0x39 Core/Src/system_stm32f3xx.o
 .ARM.attributes
                0x0000000000000173       0x39 Core/Src/uart_lib.o
 .ARM.attributes
                0x00000000000001ac       0x21 Core/Startup/startup_stm32f303k8tx.o
 .ARM.attributes
                0x00000000000001cd       0x39 Drivers/STM32F3xx_HAL_Driver/Src/stm32f3xx_hal.o
 .ARM.attributes
                0x0000000000000206       0x39 Drivers/STM32F3xx_HAL_Driver/Src/stm32f3xx_hal_cortex.o
 .ARM.attributes
                0x000000000000023f       0x39 Drivers/STM32F3xx_HAL_Driver/Src/stm32f3xx_hal_gpio.o
 .ARM.attributes
                0x0000000000000278       0x39 Drivers/STM32F3xx_HAL_Driver/Src/stm32f3xx_hal_rcc.o
 .ARM.attributes
                0x00000000000002b1       0x39 Drivers/STM32F3xx_HAL_Driver/Src/stm32f3xx_hal_rcc_ex.o
 .ARM.attributes
                0x00000000000002ea       0x39 Drivers/STM32F3xx_HAL_Driver/Src/stm32f3xx_hal_spi.o
 .ARM.attributes
                0x0000000000000323       0x39 Drivers/STM32F3xx_HAL_Driver/Src/stm32f3xx_hal_uart.o
 .ARM.attributes
                0x000000000000035c       0x34 /opt/st/stm32cubeide_1.4.0/plugins/com.st.stm32cube.ide.mcu.externaltools.gnu-tools-for-stm32.7-2018-q2-update.linux64_1.4.0.202007081208/tools/bin/../lib/gcc/arm-none-eabi/7.3.1/../../../../arm-none-eabi/lib/thumb/v7e-m/fpv4-sp/hard/libc_nano.a(lib_a-init.o)
 .ARM.attributes
                0x0000000000000390       0x34 /opt/st/stm32cubeide_1.4.0/plugins/com.st.stm32cube.ide.mcu.externaltools.gnu-tools-for-stm32.7-2018-q2-update.linux64_1.4.0.202007081208/tools/bin/../lib/gcc/arm-none-eabi/7.3.1/../../../../arm-none-eabi/lib/thumb/v7e-m/fpv4-sp/hard/libc_nano.a(lib_a-memset.o)
 .ARM.attributes
                0x00000000000003c4       0x22 /opt/st/stm32cubeide_1.4.0/plugins/com.st.stm32cube.ide.mcu.externaltools.gnu-tools-for-stm32.7-2018-q2-update.linux64_1.4.0.202007081208/tools/bin/../lib/gcc/arm-none-eabi/7.3.1/thumb/v7e-m/fpv4-sp/hard/crtn.o
OUTPUT(RPLIDAR_f303k8.elf elf32-littlearm)

.debug_info     0x0000000000000000     0xa345
 .debug_info    0x0000000000000000     0x1133 Core/Src/RPLidar.o
 .debug_info    0x0000000000001133     0x133c Core/Src/main.o
 .debug_info    0x000000000000246f      0xc37 Core/Src/stm32f3xx_hal_msp.o
 .debug_info    0x00000000000030a6      0x20d Core/Src/stm32f3xx_it.o
 .debug_info    0x00000000000032b3      0x45c Core/Src/system_stm32f3xx.o
 .debug_info    0x000000000000370f      0x7e9 Core/Src/uart_lib.o
 .debug_info    0x0000000000003ef8       0x22 Core/Startup/startup_stm32f303k8tx.o
 .debug_info    0x0000000000003f1a      0x758 Drivers/STM32F3xx_HAL_Driver/Src/stm32f3xx_hal.o
 .debug_info    0x0000000000004672      0xb54 Drivers/STM32F3xx_HAL_Driver/Src/stm32f3xx_hal_cortex.o
 .debug_info    0x00000000000051c6      0x7c1 Drivers/STM32F3xx_HAL_Driver/Src/stm32f3xx_hal_gpio.o
 .debug_info    0x0000000000005987     0x180f Drivers/STM32F3xx_HAL_Driver/Src/stm32f3xx_hal_rcc.o
 .debug_info    0x0000000000007196      0x612 Drivers/STM32F3xx_HAL_Driver/Src/stm32f3xx_hal_rcc_ex.o
 .debug_info    0x00000000000077a8     0x160b Drivers/STM32F3xx_HAL_Driver/Src/stm32f3xx_hal_spi.o
 .debug_info    0x0000000000008db3     0x1592 Drivers/STM32F3xx_HAL_Driver/Src/stm32f3xx_hal_uart.o

.debug_abbrev   0x0000000000000000     0x1c38
 .debug_abbrev  0x0000000000000000      0x3f2 Core/Src/RPLidar.o
 .debug_abbrev  0x00000000000003f2      0x3bc Core/Src/main.o
 .debug_abbrev  0x00000000000007ae      0x18c Core/Src/stm32f3xx_hal_msp.o
 .debug_abbrev  0x000000000000093a       0xc6 Core/Src/stm32f3xx_it.o
 .debug_abbrev  0x0000000000000a00      0x12b Core/Src/system_stm32f3xx.o
 .debug_abbrev  0x0000000000000b2b      0x1de Core/Src/uart_lib.o
 .debug_abbrev  0x0000000000000d09       0x12 Core/Startup/startup_stm32f303k8tx.o
 .debug_abbrev  0x0000000000000d1b      0x1c7 Drivers/STM32F3xx_HAL_Driver/Src/stm32f3xx_hal.o
 .debug_abbrev  0x0000000000000ee2      0x2d5 Drivers/STM32F3xx_HAL_Driver/Src/stm32f3xx_hal_cortex.o
 .debug_abbrev  0x00000000000011b7      0x1c0 Drivers/STM32F3xx_HAL_Driver/Src/stm32f3xx_hal_gpio.o
 .debug_abbrev  0x0000000000001377      0x28c Drivers/STM32F3xx_HAL_Driver/Src/stm32f3xx_hal_rcc.o
 .debug_abbrev  0x0000000000001603      0x208 Drivers/STM32F3xx_HAL_Driver/Src/stm32f3xx_hal_rcc_ex.o
 .debug_abbrev  0x000000000000180b      0x228 Drivers/STM32F3xx_HAL_Driver/Src/stm32f3xx_hal_spi.o
 .debug_abbrev  0x0000000000001a33      0x205 Drivers/STM32F3xx_HAL_Driver/Src/stm32f3xx_hal_uart.o

.debug_aranges  0x0000000000000000      0x8e0
 .debug_aranges
                0x0000000000000000       0x70 Core/Src/RPLidar.o
 .debug_aranges
                0x0000000000000070       0x70 Core/Src/main.o
 .debug_aranges
                0x00000000000000e0       0x40 Core/Src/stm32f3xx_hal_msp.o
 .debug_aranges
                0x0000000000000120       0x60 Core/Src/stm32f3xx_it.o
 .debug_aranges
                0x0000000000000180       0x28 Core/Src/system_stm32f3xx.o
 .debug_aranges
                0x00000000000001a8       0x30 Core/Src/uart_lib.o
 .debug_aranges
                0x00000000000001d8       0x28 Core/Startup/startup_stm32f303k8tx.o
 .debug_aranges
                0x0000000000000200       0xe0 Drivers/STM32F3xx_HAL_Driver/Src/stm32f3xx_hal.o
 .debug_aranges
                0x00000000000002e0      0x100 Drivers/STM32F3xx_HAL_Driver/Src/stm32f3xx_hal_cortex.o
 .debug_aranges
                0x00000000000003e0       0x58 Drivers/STM32F3xx_HAL_Driver/Src/stm32f3xx_hal_gpio.o
 .debug_aranges
                0x0000000000000438       0x88 Drivers/STM32F3xx_HAL_Driver/Src/stm32f3xx_hal_rcc.o
 .debug_aranges
                0x00000000000004c0       0x38 Drivers/STM32F3xx_HAL_Driver/Src/stm32f3xx_hal_rcc_ex.o
 .debug_aranges
                0x00000000000004f8      0x1d8 Drivers/STM32F3xx_HAL_Driver/Src/stm32f3xx_hal_spi.o
 .debug_aranges
                0x00000000000006d0      0x210 Drivers/STM32F3xx_HAL_Driver/Src/stm32f3xx_hal_uart.o

.debug_ranges   0x0000000000000000      0x808
 .debug_ranges  0x0000000000000000       0x60 Core/Src/RPLidar.o
 .debug_ranges  0x0000000000000060       0x60 Core/Src/main.o
 .debug_ranges  0x00000000000000c0       0x30 Core/Src/stm32f3xx_hal_msp.o
 .debug_ranges  0x00000000000000f0       0x50 Core/Src/stm32f3xx_it.o
 .debug_ranges  0x0000000000000140       0x18 Core/Src/system_stm32f3xx.o
 .debug_ranges  0x0000000000000158       0x20 Core/Src/uart_lib.o
 .debug_ranges  0x0000000000000178       0x20 Core/Startup/startup_stm32f303k8tx.o
 .debug_ranges  0x0000000000000198       0xd0 Drivers/STM32F3xx_HAL_Driver/Src/stm32f3xx_hal.o
 .debug_ranges  0x0000000000000268       0xf0 Drivers/STM32F3xx_HAL_Driver/Src/stm32f3xx_hal_cortex.o
 .debug_ranges  0x0000000000000358       0x48 Drivers/STM32F3xx_HAL_Driver/Src/stm32f3xx_hal_gpio.o
 .debug_ranges  0x00000000000003a0       0x78 Drivers/STM32F3xx_HAL_Driver/Src/stm32f3xx_hal_rcc.o
 .debug_ranges  0x0000000000000418       0x28 Drivers/STM32F3xx_HAL_Driver/Src/stm32f3xx_hal_rcc_ex.o
 .debug_ranges  0x0000000000000440      0x1c8 Drivers/STM32F3xx_HAL_Driver/Src/stm32f3xx_hal_spi.o
 .debug_ranges  0x0000000000000608      0x200 Drivers/STM32F3xx_HAL_Driver/Src/stm32f3xx_hal_uart.o

.debug_macro    0x0000000000000000    0x18e17
 .debug_macro   0x0000000000000000      0x22f Core/Src/RPLidar.o
 .debug_macro   0x000000000000022f      0xb2c Core/Src/RPLidar.o
 .debug_macro   0x0000000000000d5b      0x157 Core/Src/RPLidar.o
 .debug_macro   0x0000000000000eb2       0x2e Core/Src/RPLidar.o
 .debug_macro   0x0000000000000ee0       0x28 Core/Src/RPLidar.o
 .debug_macro   0x0000000000000f08       0x1c Core/Src/RPLidar.o
 .debug_macro   0x0000000000000f24       0x22 Core/Src/RPLidar.o
 .debug_macro   0x0000000000000f46       0x8e Core/Src/RPLidar.o
 .debug_macro   0x0000000000000fd4       0x51 Core/Src/RPLidar.o
 .debug_macro   0x0000000000001025       0xef Core/Src/RPLidar.o
 .debug_macro   0x0000000000001114       0x6a Core/Src/RPLidar.o
 .debug_macro   0x000000000000117e      0x1df Core/Src/RPLidar.o
 .debug_macro   0x000000000000135d       0x1c Core/Src/RPLidar.o
 .debug_macro   0x0000000000001379       0x22 Core/Src/RPLidar.o
 .debug_macro   0x000000000000139b       0xdf Core/Src/RPLidar.o
 .debug_macro   0x000000000000147a      0xf07 Core/Src/RPLidar.o
 .debug_macro   0x0000000000002381    0x10bd9 Core/Src/RPLidar.o
 .debug_macro   0x0000000000012f5a       0x43 Core/Src/RPLidar.o
 .debug_macro   0x0000000000012f9d      0x17b Core/Src/RPLidar.o
 .debug_macro   0x0000000000013118       0x53 Core/Src/RPLidar.o
 .debug_macro   0x000000000001316b      0x8f9 Core/Src/RPLidar.o
 .debug_macro   0x0000000000013a64      0x304 Core/Src/RPLidar.o
 .debug_macro   0x0000000000013d68      0x12f Core/Src/RPLidar.o
 .debug_macro   0x0000000000013e97      0x11b Core/Src/RPLidar.o
 .debug_macro   0x0000000000013fb2      0x1d5 Core/Src/RPLidar.o
 .debug_macro   0x0000000000014187      0x1bc Core/Src/RPLidar.o
 .debug_macro   0x0000000000014343       0x34 Core/Src/RPLidar.o
 .debug_macro   0x0000000000014377       0x3c Core/Src/RPLidar.o
 .debug_macro   0x00000000000143b3       0x57 Core/Src/RPLidar.o
 .debug_macro   0x000000000001440a       0xc5 Core/Src/RPLidar.o
 .debug_macro   0x00000000000144cf      0x19f Core/Src/RPLidar.o
 .debug_macro   0x000000000001466e      0x22c Core/Src/RPLidar.o
 .debug_macro   0x000000000001489a       0x5b Core/Src/RPLidar.o
 .debug_macro   0x00000000000148f5       0xa5 Core/Src/RPLidar.o
 .debug_macro   0x000000000001499a       0x81 Core/Src/RPLidar.o
 .debug_macro   0x0000000000014a1b       0xd3 Core/Src/RPLidar.o
 .debug_macro   0x0000000000014aee      0x2fe Core/Src/RPLidar.o
 .debug_macro   0x0000000000014dec      0x589 Core/Src/RPLidar.o
 .debug_macro   0x0000000000015375       0x44 Core/Src/RPLidar.o
 .debug_macro   0x00000000000153b9      0x285 Core/Src/RPLidar.o
 .debug_macro   0x000000000001563e       0x40 Core/Src/RPLidar.o
 .debug_macro   0x000000000001567e       0x58 Core/Src/RPLidar.o
 .debug_macro   0x00000000000156d6       0x22 Core/Src/RPLidar.o
 .debug_macro   0x00000000000156f8       0x64 Core/Src/RPLidar.o
 .debug_macro   0x000000000001575c       0x28 Core/Src/RPLidar.o
 .debug_macro   0x0000000000015784      0x168 Core/Src/RPLidar.o
 .debug_macro   0x00000000000158ec       0x10 Core/Src/RPLidar.o
 .debug_macro   0x00000000000158fc      0x3f4 Core/Src/RPLidar.o
 .debug_macro   0x0000000000015cf0      0x237 Core/Src/main.o
 .debug_macro   0x0000000000015f27      0x1cd Core/Src/stm32f3xx_hal_msp.o
 .debug_macro   0x00000000000160f4      0xa5a Core/Src/stm32f3xx_hal_msp.o
 .debug_macro   0x0000000000016b4e      0xf07 Core/Src/stm32f3xx_hal_msp.o
 .debug_macro   0x0000000000017a55      0x174 Core/Src/stm32f3xx_hal_msp.o
 .debug_macro   0x0000000000017bc9      0x1d7 Core/Src/stm32f3xx_it.o
 .debug_macro   0x0000000000017da0      0x1c4 Core/Src/system_stm32f3xx.o
 .debug_macro   0x0000000000017f64      0x1dc Core/Src/uart_lib.o
 .debug_macro   0x0000000000018140      0x1e2 Drivers/STM32F3xx_HAL_Driver/Src/stm32f3xx_hal.o
 .debug_macro   0x0000000000018322      0x1be Drivers/STM32F3xx_HAL_Driver/Src/stm32f3xx_hal_cortex.o
 .debug_macro   0x00000000000184e0      0x1f6 Drivers/STM32F3xx_HAL_Driver/Src/stm32f3xx_hal_gpio.o
 .debug_macro   0x00000000000186d6      0x1e2 Drivers/STM32F3xx_HAL_Driver/Src/stm32f3xx_hal_rcc.o
 .debug_macro   0x00000000000188b8      0x1be Drivers/STM32F3xx_HAL_Driver/Src/stm32f3xx_hal_rcc_ex.o
 .debug_macro   0x0000000000018a76      0x1c6 Drivers/STM32F3xx_HAL_Driver/Src/stm32f3xx_hal_spi.o
 .debug_macro   0x0000000000018c3c      0x1db Drivers/STM32F3xx_HAL_Driver/Src/stm32f3xx_hal_uart.o

.debug_line     0x0000000000000000     0x8114
 .debug_line    0x0000000000000000      0xa17 Core/Src/RPLidar.o
 .debug_line    0x0000000000000a17      0x9c6 Core/Src/main.o
 .debug_line    0x00000000000013dd      0x6ec Core/Src/stm32f3xx_hal_msp.o
 .debug_line    0x0000000000001ac9      0x71c Core/Src/stm32f3xx_it.o
 .debug_line    0x00000000000021e5      0x696 Core/Src/system_stm32f3xx.o
 .debug_line    0x000000000000287b      0x6a3 Core/Src/uart_lib.o
 .debug_line    0x0000000000002f1e       0x85 Core/Startup/startup_stm32f303k8tx.o
 .debug_line    0x0000000000002fa3      0x853 Drivers/STM32F3xx_HAL_Driver/Src/stm32f3xx_hal.o
 .debug_line    0x00000000000037f6      0x92a Drivers/STM32F3xx_HAL_Driver/Src/stm32f3xx_hal_cortex.o
 .debug_line    0x0000000000004120      0x7f2 Drivers/STM32F3xx_HAL_Driver/Src/stm32f3xx_hal_gpio.o
 .debug_line    0x0000000000004912      0xdcb Drivers/STM32F3xx_HAL_Driver/Src/stm32f3xx_hal_rcc.o
 .debug_line    0x00000000000056dd      0x81e Drivers/STM32F3xx_HAL_Driver/Src/stm32f3xx_hal_rcc_ex.o
 .debug_line    0x0000000000005efb     0x10f4 Drivers/STM32F3xx_HAL_Driver/Src/stm32f3xx_hal_spi.o
 .debug_line    0x0000000000006fef     0x1125 Drivers/STM32F3xx_HAL_Driver/Src/stm32f3xx_hal_uart.o

.debug_str      0x0000000000000000    0x82685
 .debug_str     0x0000000000000000    0x80091 Core/Src/RPLidar.o
                                      0x80497 (size before relaxing)
 .debug_str     0x0000000000080091      0x579 Core/Src/main.o
                                      0x808e7 (size before relaxing)
 .debug_str     0x000000000008060a      0x243 Core/Src/stm32f3xx_hal_msp.o
                                      0x7e02e (size before relaxing)
 .debug_str     0x000000000008084d       0xbd Core/Src/stm32f3xx_it.o
                                      0x7da46 (size before relaxing)
 .debug_str     0x000000000008090a       0xd1 Core/Src/system_stm32f3xx.o
                                      0x7d9c9 (size before relaxing)
 .debug_str     0x00000000000809db       0x22 Core/Src/uart_lib.o
                                      0x7e325 (size before relaxing)
 .debug_str     0x00000000000809fd       0x36 Core/Startup/startup_stm32f303k8tx.o
                                         0x69 (size before relaxing)
 .debug_str     0x0000000000080a33      0x604 Drivers/STM32F3xx_HAL_Driver/Src/stm32f3xx_hal.o
                                      0x7e003 (size before relaxing)
 .debug_str     0x0000000000081037      0x2b5 Drivers/STM32F3xx_HAL_Driver/Src/stm32f3xx_hal_cortex.o
                                      0x7dfe4 (size before relaxing)
 .debug_str     0x00000000000812ec      0x26a Drivers/STM32F3xx_HAL_Driver/Src/stm32f3xx_hal_gpio.o
                                      0x7dc8d (size before relaxing)
 .debug_str     0x0000000000081556      0x2f9 Drivers/STM32F3xx_HAL_Driver/Src/stm32f3xx_hal_rcc.o
                                      0x7de23 (size before relaxing)
 .debug_str     0x000000000008184f       0xd8 Drivers/STM32F3xx_HAL_Driver/Src/stm32f3xx_hal_rcc_ex.o
                                      0x7db37 (size before relaxing)
 .debug_str     0x0000000000081927      0x57c Drivers/STM32F3xx_HAL_Driver/Src/stm32f3xx_hal_spi.o
                                      0x7e282 (size before relaxing)
 .debug_str     0x0000000000081ea3      0x7e2 Drivers/STM32F3xx_HAL_Driver/Src/stm32f3xx_hal_uart.o
                                      0x7e583 (size before relaxing)

.comment        0x0000000000000000       0x7b
 .comment       0x0000000000000000       0x7b Core/Src/RPLidar.o
                                         0x7c (size before relaxing)
 .comment       0x000000000000007b       0x7c Core/Src/main.o
 .comment       0x000000000000007b       0x7c Core/Src/stm32f3xx_hal_msp.o
 .comment       0x000000000000007b       0x7c Core/Src/stm32f3xx_it.o
 .comment       0x000000000000007b       0x7c Core/Src/system_stm32f3xx.o
 .comment       0x000000000000007b       0x7c Core/Src/uart_lib.o
 .comment       0x000000000000007b       0x7c Drivers/STM32F3xx_HAL_Driver/Src/stm32f3xx_hal.o
 .comment       0x000000000000007b       0x7c Drivers/STM32F3xx_HAL_Driver/Src/stm32f3xx_hal_cortex.o
 .comment       0x000000000000007b       0x7c Drivers/STM32F3xx_HAL_Driver/Src/stm32f3xx_hal_gpio.o
 .comment       0x000000000000007b       0x7c Drivers/STM32F3xx_HAL_Driver/Src/stm32f3xx_hal_rcc.o
 .comment       0x000000000000007b       0x7c Drivers/STM32F3xx_HAL_Driver/Src/stm32f3xx_hal_rcc_ex.o
 .comment       0x000000000000007b       0x7c Drivers/STM32F3xx_HAL_Driver/Src/stm32f3xx_hal_spi.o
 .comment       0x000000000000007b       0x7c Drivers/STM32F3xx_HAL_Driver/Src/stm32f3xx_hal_uart.o

.debug_frame    0x0000000000000000     0x2348
 .debug_frame   0x0000000000000000      0x1a4 Core/Src/RPLidar.o
 .debug_frame   0x00000000000001a4      0x170 Core/Src/main.o
 .debug_frame   0x0000000000000314       0xc8 Core/Src/stm32f3xx_hal_msp.o
 .debug_frame   0x00000000000003dc      0x10c Core/Src/stm32f3xx_it.o
 .debug_frame   0x00000000000004e8       0x58 Core/Src/system_stm32f3xx.o
 .debug_frame   0x0000000000000540       0x80 Core/Src/uart_lib.o
 .debug_frame   0x00000000000005c0      0x334 Drivers/STM32F3xx_HAL_Driver/Src/stm32f3xx_hal.o
 .debug_frame   0x00000000000008f4      0x428 Drivers/STM32F3xx_HAL_Driver/Src/stm32f3xx_hal_cortex.o
 .debug_frame   0x0000000000000d1c      0x14c Drivers/STM32F3xx_HAL_Driver/Src/stm32f3xx_hal_gpio.o
 .debug_frame   0x0000000000000e68      0x214 Drivers/STM32F3xx_HAL_Driver/Src/stm32f3xx_hal_rcc.o
 .debug_frame   0x000000000000107c       0xb0 Drivers/STM32F3xx_HAL_Driver/Src/stm32f3xx_hal_rcc_ex.o
 .debug_frame   0x000000000000112c      0x860 Drivers/STM32F3xx_HAL_Driver/Src/stm32f3xx_hal_spi.o
 .debug_frame   0x000000000000198c      0x970 Drivers/STM32F3xx_HAL_Driver/Src/stm32f3xx_hal_uart.o
 .debug_frame   0x00000000000022fc       0x2c /opt/st/stm32cubeide_1.4.0/plugins/com.st.stm32cube.ide.mcu.externaltools.gnu-tools-for-stm32.7-2018-q2-update.linux64_1.4.0.202007081208/tools/bin/../lib/gcc/arm-none-eabi/7.3.1/../../../../arm-none-eabi/lib/thumb/v7e-m/fpv4-sp/hard/libc_nano.a(lib_a-init.o)
 .debug_frame   0x0000000000002328       0x20 /opt/st/stm32cubeide_1.4.0/plugins/com.st.stm32cube.ide.mcu.externaltools.gnu-tools-for-stm32.7-2018-q2-update.linux64_1.4.0.202007081208/tools/bin/../lib/gcc/arm-none-eabi/7.3.1/../../../../arm-none-eabi/lib/thumb/v7e-m/fpv4-sp/hard/libc_nano.a(lib_a-memset.o)
