RPLidar.h:84:32:const RPLidarMeasurement& RPLidar::getCurrentPoint()	16	static
main.cpp:73:5:int main()	40	static
main.cpp:142:6:void SystemClock_Config()	96	static
main.cpp:185:13:void MX_SPI1_Init()	8	static
main.cpp:224:13:void MX_USART1_UART_Init()	8	static
main.cpp:259:13:void MX_USART2_UART_Init()	8	static
main.cpp:294:13:void MX_GPIO_Init()	40	static
main.cpp:322:6:void Error_Handler()	4	static
main.cpp:328:1:void __static_initialization_and_destruction_0(int, int)	16	static
main.cpp:328:1:cpp)	8	static
main.cpp:328:1:cpp)	8	static
